core_cm7.h:2147:34:__NVIC_SystemReset	4	static,ignoring_inline_asm
main.c:89:5:main	48	static
main.c:167:6:SystemClock_Config	216	static
main.c:221:13:MX_USART3_UART_Init	8	static
main.c:256:13:MX_USB_OTG_FS_PCD_Init	8	static
main.c:291:13:MX_GPIO_Init	56	static
main.c:367:6:HAL_GPIO_EXTI_Callback	40	static
main.c:383:6:http_server_serve	504	static
main.c:451:6:create_XML_ToSend	56	static
main.c:456:6:SetSwitch	24	static
main.c:473:6:set_GPIO	16	static
main.c:489:6:IP_PARSER	88	static
main.c:519:6:Write_NewIPConfig	40	static
main.c:543:6:StartDefaultTask	32	static
main.c:601:6:HAL_TIM_PeriodElapsedCallback	16	static
main.c:618:6:Error_Handler	4	static
